[2026-08-02 18:05:36] local.ERROR: filemtime(): stat failed for D:\1.5\new4\quiz-backend\.env {"exception":"[object] (ErrorException(code: 0): filemtime(): stat failed for D:\\1.5\\new4\\quiz-backend\\.env at D:/1.5/new4/quiz-backend/vendor/laravel/framework/src/Illuminate/Foundation/Console/ServeCommand.php:147)
[stacktrace]
#0 D:/1.5/new4/quiz-backend/vendor/laravel/framework/src/Illuminate/Foundation/Bootstrap/HandleExceptions.php(262): Illuminate/Foundation/Bootstrap/HandleExceptions->handleError(2, 'filemtime(): st...', 'D://1.5//new4//qui...', 147)
#1 [internal function]: Illuminate/Foundation/Bootstrap/HandleExceptions->Illuminate/Foundation/Bootstrap/{closure}(2, 'filemtime(): st...', 'D://1.5//new4//qui...', 147)
#2 D:/1.5/new4/quiz-backend/vendor/laravel/framework/src/Illuminate/Foundation/Console/ServeCommand.php(147): filemtime('D://1.5//new4//qui...')
#3 D:/1.5/new4/quiz-backend/vendor/laravel/framework/src/Illuminate/Container/BoundMethod.php(36): Illuminate/Foundation/Console/ServeCommand->handle()
#4 D:/1.5/new4/quiz-backend/vendor/laravel/framework/src/Illuminate/Container/Util.php(43): Illuminate/Container/BoundMethod::Illuminate/Container/{closure}()
#5 D:/1.5/new4/quiz-backend/vendor/laravel/framework/src/Illuminate/Container/BoundMethod.php(96): Illuminate/Container/Util::unwrapIfClosure(Object(Closure))
#6 D:/1.5/new4/quiz-backend/vendor/laravel/framework/src/Illuminate/Container/BoundMethod.php(35): Illuminate/Container/BoundMethod::callBoundMethod(Object(Illuminate/Foundation/Application), Array, Object(Closure))
#7 D:/1.5/new4/quiz-backend/vendor/laravel/framework/src/Illuminate/Container/Container.php(799): Illuminate/Container/BoundMethod::call(Object(Illuminate/Foundation/Application), Array, Array, NULL)
#8 D:/1.5/new4/quiz-backend/vendor/laravel/framework/src/Illuminate/Console/Command.php(211): Illuminate/Container/Container->call(Array)
#9 D:/1.5/new4/quiz-backend/vendor/symfony/console/Command/Command.php(341): Illuminate/Console/Command->execute(Object(Symfony/Component/Console/Input/ArgvInput), Object(Illuminate/Console/OutputStyle))
#10 D:/1.5/new4/quiz-backend/vendor/laravel/framework/src/Illuminate/Console/Command.php(180): Symfony/Component/Console/Command/Command->run(Object(Symfony/Component/Console/Input/ArgvInput), Object(Illuminate/Console/OutputStyle))
#11 D:/1.5/new4/quiz-backend/vendor/symfony/console/Application.php(1117): Illuminate/Console/Command->run(Object(Symfony/Component/Console/Input/ArgvInput), Object(Symfony/Component/Console/Output/ConsoleOutput))
#12 D:/1.5/new4/quiz-backend/vendor/symfony/console/Application.php(356): Symfony/Component/Console/Application->doRunCommand(Object(Illuminate/Foundation/Console/ServeCommand), Object(Symfony/Component/Console/Input/ArgvInput), Object(Symfony/Component/Console/Output/ConsoleOutput))
#13 D:/1.5/new4/quiz-backend/vendor/symfony/console/Application.php(195): Symfony/Component/Console/Application->doRun(Object(Symfony/Component/Console/Input/ArgvInput), Object(Symfony/Component/Console/Output/ConsoleOutput))
#14 D:/1.5/new4/quiz-backend/vendor/laravel/framework/src/Illuminate/Foundation/Console/Kernel.php(198): Symfony/Component/Console/Application->run(Object(Symfony/Component/Console/Input/ArgvInput), Object(Symfony/Component/Console/Output/ConsoleOutput))
#15 D:/1.5/new4/quiz-backend/vendor/laravel/framework/src/Illuminate/Foundation/Application.php(1235): Illuminate/Foundation/Console/Kernel->handle(Object(Symfony/Component/Console/Input/ArgvInput), Object(Symfony/Component/Console/Output/ConsoleOutput))
#16 D:/1.5/new4/quiz-backend/artisan(11): Illuminate/Foundation/Application->handleCommand(Object(Symfony/Component/Console/Input/ArgvInput))
#17 {main}
"} 
[2026-08-02 18:05:36] local.ERROR: include(D:\1.5\new4\quiz-backend\vendor\composer/../filp/whoops/src/Whoops/Handler/Handler.php): Failed to open stream: No such file or directory {"exception":"[object] (ErrorException(code: 0): include(D:\\1.5\\new4\\quiz-backend\\vendor\\composer/../filp/whoops/src/Whoops/Handler/Handler.php): Failed to open stream: No such file or directory at D:/1.5/new4/quiz-backend/vendor/composer/ClassLoader.php:576)
[stacktrace]
#0 D:/1.5/new4/quiz-backend/vendor/laravel/framework/src/Illuminate/Foundation/Bootstrap/HandleExceptions.php(262): Illuminate/Foundation/Bootstrap/HandleExceptions->handleError(2, 'include(D://1.5//...', 'D://1.5//new4//qui...', 576)
#1 D:/1.5/new4/quiz-backend/vendor/composer/ClassLoader.php(576): Illuminate/Foundation/Bootstrap/HandleExceptions->Illuminate/Foundation/Bootstrap/{closure}(2, 'include(D://1.5//...', 'D://1.5//new4//qui...', 576)
#2 D:/1.5/new4/quiz-backend/vendor/composer/ClassLoader.php(576): include('D://1.5//new4//qui...')
#3 D:/1.5/new4/quiz-backend/vendor/composer/ClassLoader.php(427): Composer/Autoload/{closure}('D://1.5//new4//qui...')
#4 D:/1.5/new4/quiz-backend/vendor/nunomaduro/collision/src/Handler.php(16): Composer/Autoload/ClassLoader->loadClass('Whoops//Handler//...')
#5 D:/1.5/new4/quiz-backend/vendor/composer/ClassLoader.php(576): include('D://1.5//new4//qui...')
#6 D:/1.5/new4/quiz-backend/vendor/composer/ClassLoader.php(427): Composer/Autoload/{closure}('D://1.5//new4//qui...')
#7 D:/1.5/new4/quiz-backend/vendor/nunomaduro/collision/src/Adapters/Laravel/CollisionServiceProvider.php(55): Composer/Autoload/ClassLoader->loadClass('NunoMaduro//Coll...')
#8 D:/1.5/new4/quiz-backend/vendor/laravel/framework/src/Illuminate/Container/Container.php(1115): NunoMaduro/Collision/Adapters/Laravel/CollisionServiceProvider->NunoMaduro/Collision/Adapters/Laravel/{closure}(Object(Illuminate/Foundation/Application), Array)
#9 D:/1.5/new4/quiz-backend/vendor/laravel/framework/src/Illuminate/Container/Container.php(933): Illuminate/Container/Container->build(Object(Closure))
#10 D:/1.5/new4/quiz-backend/vendor/laravel/framework/src/Illuminate/Foundation/Application.php(1078): Illuminate/Container/Container->resolve('NunoMaduro//Coll...', Array, true)
#11 D:/1.5/new4/quiz-backend/vendor/laravel/framework/src/Illuminate/Container/Container.php(864): Illuminate/Foundation/Application->resolve('NunoMaduro//Coll...', Array)
#12 D:/1.5/new4/quiz-backend/vendor/laravel/framework/src/Illuminate/Foundation/Application.php(1058): Illuminate/Container/Container->make('NunoMaduro//Coll...', Array)
#13 D:/1.5/new4/quiz-backend/vendor/nunomaduro/collision/src/Adapters/Laravel/ExceptionHandler.php(67): Illuminate/Foundation/Application->make('NunoMaduro//Coll...')
#14 D:/1.5/new4/quiz-backend/vendor/laravel/framework/src/Illuminate/Foundation/Console/Kernel.php(653): NunoMaduro/Collision/Adapters/Laravel/ExceptionHandler->renderForConsole(Object(Symfony/Component/Console/Output/ConsoleOutput), Object(ErrorException))
#15 D:/1.5/new4/quiz-backend/vendor/laravel/framework/src/Illuminate/Foundation/Console/Kernel.php(202): Illuminate/Foundation/Console/Kernel->renderException(Object(Symfony/Component/Console/Output/ConsoleOutput), Object(ErrorException))
#16 D:/1.5/new4/quiz-backend/vendor/laravel/framework/src/Illuminate/Foundation/Application.php(1235): Illuminate/Foundation/Console/Kernel->handle(Object(Symfony/Component/Console/Input/ArgvInput), Object(Symfony/Component/Console/Output/ConsoleOutput))
#17 D:/1.5/new4/quiz-backend/artisan(11): Illuminate/Foundation/Application->handleCommand(Object(Symfony/Component/Console/Input/ArgvInput))
#18 {main}
"} 
[2026-08-02 18:05:36] local.ERROR: Uncaught ErrorException: include(D:\1.5\new4\quiz-backend\vendor\composer/../filp/whoops/src/Whoops/Handler/Handler.php): Failed to open stream: Permission denied in D:\1.5\new4\quiz-backend\vendor\composer\ClassLoader.php:576
Stack trace:
#0 D:\1.5\new4\quiz-backend\vendor\laravel\framework\src\Illuminate\Foundation\Bootstrap\HandleExceptions.php(262): Illuminate\Foundation\Bootstrap\HandleExceptions->handleError(2, 'include(D:\\1.5\\...', 'D:\\1.5\\new4\\qui...', 576)
#1 D:\1.5\new4\quiz-backend\vendor\composer\ClassLoader.php(576): Illuminate\Foundation\Bootstrap\HandleExceptions->Illuminate\Foundation\Bootstrap\{closure}(2, 'include(D:\\1.5\\...', 'D:\\1.5\\new4\\qui...', 576)
#2 D:\1.5\new4\quiz-backend\vendor\composer\ClassLoader.php(576): include('D:\\1.5\\new4\\qui...')
#3 D:\1.5\new4\quiz-backend\vendor\composer\ClassLoader.php(427): Composer\Autoload\{closure}('D:\\1.5\\new4\\qui...')
#4 D:\1.5\new4\quiz-backend\vendor\nunomaduro\collision\src\Handler.php(16): Composer\Autoload\ClassLoader->loadClass('Whoops\\Handler\\...')
#5 D:\1.5\new4\quiz-backend\vendor\composer\ClassLoader.php(576): include('D:\\1.5\\new4\\qui...')
#6 D:\1.5\new4\quiz-backend\vendor\composer\ClassLoader.php(427): Composer\Autoload\{closure}('D:\\1.5\\new4\\qui...')
#7 D:\1.5\new4\quiz-backend\vendor\nunomaduro\collision\src\Adapters\Laravel\CollisionServiceProvider.php(55): Composer\Autoload\ClassLoader->loadClass('NunoMaduro\\Coll...')
#8 D:\1.5\new4\quiz-backend\vendor\laravel\framework\src\Illuminate\Container\Container.php(1115): NunoMaduro\Collision\Adapters\Laravel\CollisionServiceProvider->NunoMaduro\Collision\Adapters\Laravel\{closure}(Object(Illuminate\Foundation\Application), Array)
#9 D:\1.5\new4\quiz-backend\vendor\laravel\framework\src\Illuminate\Container\Container.php(933): Illuminate\Container\Container->build(Object(Closure))
#10 D:\1.5\new4\quiz-backend\vendor\laravel\framework\src\Illuminate\Foundation\Application.php(1078): Illuminate\Container\Container->resolve('NunoMaduro\\Coll...', Array, true)
#11 D:\1.5\new4\quiz-backend\vendor\laravel\framework\src\Illuminate\Container\Container.php(864): Illuminate\Foundation\Application->resolve('NunoMaduro\\Coll...', Array)
#12 D:\1.5\new4\quiz-backend\vendor\laravel\framework\src\Illuminate\Foundation\Application.php(1058): Illuminate\Container\Container->make('NunoMaduro\\Coll...', Array)
#13 D:\1.5\new4\quiz-backend\vendor\nunomaduro\collision\src\Adapters\Laravel\ExceptionHandler.php(67): Illuminate\Foundation\Application->make('NunoMaduro\\Coll...')
#14 D:\1.5\new4\quiz-backend\vendor\laravel\framework\src\Illuminate\Foundation\Bootstrap\HandleExceptions.php(214): NunoMaduro\Collision\Adapters\Laravel\ExceptionHandler->renderForConsole(Object(Symfony\Component\Console\Output\ConsoleOutput), Object(ErrorException))
#15 D:\1.5\new4\quiz-backend\vendor\laravel\framework\src\Illuminate\Foundation\Bootstrap\HandleExceptions.php(196): Illuminate\Foundation\Bootstrap\HandleExceptions->renderForConsole(Object(ErrorException))
#16 D:\1.5\new4\quiz-backend\vendor\laravel\framework\src\Illuminate\Foundation\Bootstrap\HandleExceptions.php(262): Illuminate\Foundation\Bootstrap\HandleExceptions->handleException(Object(ErrorException))
#17 [internal function]: Illuminate\Foundation\Bootstrap\HandleExceptions->Illuminate\Foundation\Bootstrap\{closure}(Object(ErrorException))
#18 {main}
  thrown {"exception":"[object] (Symfony\\Component\\ErrorHandler\\Error\\FatalError(code: 0): Uncaught ErrorException: include(D:\\1.5\\new4\\quiz-backend\\vendor\\composer/../filp/whoops/src/Whoops/Handler/Handler.php): Failed to open stream: Permission denied in D:\\1.5\\new4\\quiz-backend\\vendor\\composer\\ClassLoader.php:576
Stack trace:
#0 D:\\1.5\\new4\\quiz-backend\\vendor\\laravel\\framework\\src\\Illuminate\\Foundation\\Bootstrap\\HandleExceptions.php(262): Illuminate\\Foundation\\Bootstrap\\HandleExceptions->handleError(2, 'include(D:\\\\1.5\\\\...', 'D:\\\\1.5\\\\new4\\\\qui...', 576)
#1 D:\\1.5\\new4\\quiz-backend\\vendor\\composer\\ClassLoader.php(576): Illuminate\\Foundation\\Bootstrap\\HandleExceptions->Illuminate\\Foundation\\Bootstrap\\{closure}(2, 'include(D:\\\\1.5\\\\...', 'D:\\\\1.5\\\\new4\\\\qui...', 576)
#2 D:\\1.5\\new4\\quiz-backend\\vendor\\composer\\ClassLoader.php(576): include('D:\\\\1.5\\\\new4\\\\qui...')
#3 D:\\1.5\\new4\\quiz-backend\\vendor\\composer\\ClassLoader.php(427): Composer\\Autoload\\{closure}('D:\\\\1.5\\\\new4\\\\qui...')
#4 D:\\1.5\\new4\\quiz-backend\\vendor\\nunomaduro\\collision\\src\\Handler.php(16): Composer\\Autoload\\ClassLoader->loadClass('Whoops\\\\Handler\\\\...')
#5 D:\\1.5\\new4\\quiz-backend\\vendor\\composer\\ClassLoader.php(576): include('D:\\\\1.5\\\\new4\\\\qui...')
#6 D:\\1.5\\new4\\quiz-backend\\vendor\\composer\\ClassLoader.php(427): Composer\\Autoload\\{closure}('D:\\\\1.5\\\\new4\\\\qui...')
#7 D:\\1.5\\new4\\quiz-backend\\vendor\\nunomaduro\\collision\\src\\Adapters\\Laravel\\CollisionServiceProvider.php(55): Composer\\Autoload\\ClassLoader->loadClass('NunoMaduro\\\\Coll...')
#8 D:\\1.5\\new4\\quiz-backend\\vendor\\laravel\\framework\\src\\Illuminate\\Container\\Container.php(1115): NunoMaduro\\Collision\\Adapters\\Laravel\\CollisionServiceProvider->NunoMaduro\\Collision\\Adapters\\Laravel\\{closure}(Object(Illuminate\\Foundation\\Application), Array)
#9 D:\\1.5\\new4\\quiz-backend\\vendor\\laravel\\framework\\src\\Illuminate\\Container\\Container.php(933): Illuminate\\Container\\Container->build(Object(Closure))
#10 D:\\1.5\\new4\\quiz-backend\\vendor\\laravel\\framework\\src\\Illuminate\\Foundation\\Application.php(1078): Illuminate\\Container\\Container->resolve('NunoMaduro\\\\Coll...', Array, true)
#11 D:\\1.5\\new4\\quiz-backend\\vendor\\laravel\\framework\\src\\Illuminate\\Container\\Container.php(864): Illuminate\\Foundation\\Application->resolve('NunoMaduro\\\\Coll...', Array)
#12 D:\\1.5\\new4\\quiz-backend\\vendor\\laravel\\framework\\src\\Illuminate\\Foundation\\Application.php(1058): Illuminate\\Container\\Container->make('NunoMaduro\\\\Coll...', Array)
#13 D:\\1.5\\new4\\quiz-backend\\vendor\\nunomaduro\\collision\\src\\Adapters\\Laravel\\ExceptionHandler.php(67): Illuminate\\Foundation\\Application->make('NunoMaduro\\\\Coll...')
#14 D:\\1.5\\new4\\quiz-backend\\vendor\\laravel\\framework\\src\\Illuminate\\Foundation\\Bootstrap\\HandleExceptions.php(214): NunoMaduro\\Collision\\Adapters\\Laravel\\ExceptionHandler->renderForConsole(Object(Symfony\\Component\\Console\\Output\\ConsoleOutput), Object(ErrorException))
#15 D:\\1.5\\new4\\quiz-backend\\vendor\\laravel\\framework\\src\\Illuminate\\Foundation\\Bootstrap\\HandleExceptions.php(196): Illuminate\\Foundation\\Bootstrap\\HandleExceptions->renderForConsole(Object(ErrorException))
#16 D:\\1.5\\new4\\quiz-backend\\vendor\\laravel\\framework\\src\\Illuminate\\Foundation\\Bootstrap\\HandleExceptions.php(262): Illuminate\\Foundation\\Bootstrap\\HandleExceptions->handleException(Object(ErrorException))
#17 [internal function]: Illuminate\\Foundation\\Bootstrap\\HandleExceptions->Illuminate\\Foundation\\Bootstrap\\{closure}(Object(ErrorException))
#18 {main}
  thrown at D:/1.5/new4/quiz-backend/vendor/composer/ClassLoader.php:576)
[stacktrace]
#0 {main}
"} 
